// Jest Snapshot v1, https://goo.gl/fbAQLP

exports[`App component renders App 1`] = `
<BrowserRouter>
  <Switch>
    <Route
      component={[Function]}
      exact={true}
      path="/"
    />
    <Route
      component={[Function]}
      exact={true}
      path="/discography/:name/:id"
    />
    <Route
      component={[Function]}
      path="/album/:name/:id"
    />
    <Route
      component={[Function]}
      path="/albumdetails/:name/:albumid"
    />
    <Route
      component={[Function]}
      path="/lyrics/:name/:title"
    />
  </Switch>
</BrowserRouter>
`;
